!\retcode gpconfig -c client_connection_check_interval -v 20s;
-- start_ignore

-- end_ignore
(exited with code 0)
!\retcode gpstop -u;
-- start_ignore

-- end_ignore
(exited with code 0)

0: CREATE TABLE copy_interrupt_table(a int);
CREATE
0&: COPY copy_interrupt_table FROM PROGRAM 'while true; do echo 1; sleep 1; done | cat -';  <waiting ...>
! sleep 10;


0t: ... <terminating>
! sleep 40;


SELECT pg_terminate_backend(pid) FROM pg_stat_activity where query LIKE 'COPY copy_interrupt_table FROM PROGRAM%';
 pg_terminate_backend 
----------------------
(0 rows)

DROP TABLE copy_interrupt_table;
DROP
!\retcode gpconfig -r client_connection_check_interval;
-- start_ignore

-- end_ignore
(exited with code 0)
