-- Setup for tracking test
-- start_ignore
\! gpconfig -c shared_preload_libraries -v 'arenadata_toolkit'
\! gpstop -air
-- end_ignore
