CREATE EXTENSION arenadata_toolkit;
-- Change log level to disable notice messages from PL/pgSQL
SET client_min_messages=WARNING;
SELECT arenadata_toolkit.adb_create_tables();
 adb_create_tables 
-------------------
 
(1 row)

RESET client_min_messages;
\! mkdir -p /tmp/tblspace_location_test_dir;
CREATE TABLESPACE test_tblspc LOCATION '/tmp/tblspace_location_test_dir';
CREATE TABLE table_at_pg_default(a int)
DISTRIBUTED REPLICATED;
CREATE TABLE table_at_custom_tblspc(a int)
TABLESPACE test_tblspc
DISTRIBUTED REPLICATED;
INSERT INTO table_at_pg_default SELECT generate_series(1,10);
INSERT INTO table_at_custom_tblspc SELECT generate_series(1,10);
SELECT
	files.content,
	files.table_name,
	files.table_tablespace,
	CASE
		WHEN 'pg_default' = files.table_tablespace AND
			 files.tablespace_location = gpconf.datadir || '/base'
		THEN '<SEGMENT_BASE_DIR>/base'
		WHEN 'pg_global' = files.table_tablespace AND
			 files.tablespace_location = gpconf.datadir || '/global'
		THEN '<SEGMENT_BASE_DIR>/global'
		ELSE files.tablespace_location
	END AS tablespace_location
FROM arenadata_toolkit.__db_files_current files
LEFT JOIN gp_segment_configuration gpconf
		  ON gpconf.content = files.content AND
		  gpconf.preferred_role = files.segment_preferred_role
WHERE table_name IN ('table_at_pg_default',
					 'table_at_custom_tblspc',
					 'gp_segment_configuration') -- example of table at pg_global
ORDER BY table_name, content;
 content |        table_name        | table_tablespace |       tablespace_location       
---------+--------------------------+------------------+---------------------------------
       0 | gp_segment_configuration | pg_global        | <SEGMENT_BASE_DIR>/global
       1 | gp_segment_configuration | pg_global        | <SEGMENT_BASE_DIR>/global
       2 | gp_segment_configuration | pg_global        | <SEGMENT_BASE_DIR>/global
       0 | table_at_custom_tblspc   | test_tblspc      | /tmp/tblspace_location_test_dir
       1 | table_at_custom_tblspc   | test_tblspc      | /tmp/tblspace_location_test_dir
       2 | table_at_custom_tblspc   | test_tblspc      | /tmp/tblspace_location_test_dir
       0 | table_at_pg_default      | pg_default       | <SEGMENT_BASE_DIR>/base
       1 | table_at_pg_default      | pg_default       | <SEGMENT_BASE_DIR>/base
       2 | table_at_pg_default      | pg_default       | <SEGMENT_BASE_DIR>/base
(9 rows)

SELECT arenadata_toolkit.adb_collect_table_stats();
 adb_collect_table_stats 
-------------------------
 
(1 row)

SELECT
	files.content,
	files.table_name,
	files.table_tablespace,
	CASE
		WHEN 'pg_default' = files.table_tablespace AND
			 files.tablespace_location = gpconf.datadir || '/base'
		THEN '<SEGMENT_BASE_DIR>/base'
		WHEN 'pg_global' = files.table_tablespace AND
			 files.tablespace_location = gpconf.datadir || '/global'
		THEN '<SEGMENT_BASE_DIR>/global'
		ELSE files.tablespace_location
	END AS tablespace_location
FROM arenadata_toolkit.db_files_current files
LEFT JOIN gp_segment_configuration gpconf
		  ON gpconf.content = files.content AND
		  gpconf.preferred_role = files.segment_preferred_role
WHERE table_name IN ('table_at_pg_default',
					 'table_at_custom_tblspc',
					 'gp_segment_configuration') -- example of table at pg_global
ORDER BY table_name, content;
 content |        table_name        | table_tablespace |       tablespace_location       
---------+--------------------------+------------------+---------------------------------
       0 | gp_segment_configuration | pg_global        | <SEGMENT_BASE_DIR>/global
       1 | gp_segment_configuration | pg_global        | <SEGMENT_BASE_DIR>/global
       2 | gp_segment_configuration | pg_global        | <SEGMENT_BASE_DIR>/global
       0 | table_at_custom_tblspc   | test_tblspc      | /tmp/tblspace_location_test_dir
       1 | table_at_custom_tblspc   | test_tblspc      | /tmp/tblspace_location_test_dir
       2 | table_at_custom_tblspc   | test_tblspc      | /tmp/tblspace_location_test_dir
       0 | table_at_pg_default      | pg_default       | <SEGMENT_BASE_DIR>/base
       1 | table_at_pg_default      | pg_default       | <SEGMENT_BASE_DIR>/base
       2 | table_at_pg_default      | pg_default       | <SEGMENT_BASE_DIR>/base
(9 rows)

SELECT
	files.content,
	files.table_name,
	files.table_tablespace,
	CASE
		WHEN 'pg_default' = files.table_tablespace AND
			 files.tablespace_location = gpconf.datadir || '/base'
		THEN '<SEGMENT_BASE_DIR>/base'
		WHEN 'pg_global' = files.table_tablespace AND
			 files.tablespace_location = gpconf.datadir || '/global'
		THEN '<SEGMENT_BASE_DIR>/global'
		ELSE files.tablespace_location
	END AS tablespace_location
FROM arenadata_toolkit.db_files_history files
LEFT JOIN gp_segment_configuration gpconf
		  ON gpconf.content = files.content AND
		  gpconf.preferred_role = files.segment_preferred_role
WHERE table_name IN ('table_at_pg_default',
					 'table_at_custom_tblspc',
					 'gp_segment_configuration') -- example of table at pg_global
ORDER BY table_name, content;
 content |        table_name        | table_tablespace |       tablespace_location       
---------+--------------------------+------------------+---------------------------------
       0 | gp_segment_configuration | pg_global        | <SEGMENT_BASE_DIR>/global
       1 | gp_segment_configuration | pg_global        | <SEGMENT_BASE_DIR>/global
       2 | gp_segment_configuration | pg_global        | <SEGMENT_BASE_DIR>/global
       0 | table_at_custom_tblspc   | test_tblspc      | /tmp/tblspace_location_test_dir
       1 | table_at_custom_tblspc   | test_tblspc      | /tmp/tblspace_location_test_dir
       2 | table_at_custom_tblspc   | test_tblspc      | /tmp/tblspace_location_test_dir
       0 | table_at_pg_default      | pg_default       | <SEGMENT_BASE_DIR>/base
       1 | table_at_pg_default      | pg_default       | <SEGMENT_BASE_DIR>/base
       2 | table_at_pg_default      | pg_default       | <SEGMENT_BASE_DIR>/base
(9 rows)

-- Cleanup
DROP TABLE table_at_pg_default;
DROP TABLE table_at_custom_tblspc;
DROP TABLESPACE test_tblspc;
DROP EXTENSION arenadata_toolkit;
-- Change log level to disable notice messages about dropped objects
-- from "DROP SCHEMA arenadata_toolkit CASCADE;"
SET client_min_messages=WARNING;
DROP SCHEMA arenadata_toolkit CASCADE;
RESET client_min_messages;
\! rm -rf /tmp/tblspace_location_test_dir
